com\ios\backend\message\request\SignUpForm.class
com\ios\backend\resources\CalendarResource.class
com\ios\backend\dto\UserListDTO.class
com\ios\backend\security\jwt\JwtAuthEntryPoint.class
com\ios\backend\dto\NewProgramDTO.class
com\ios\backend\entities\User.class
com\ios\backend\services\MailService.class
com\ios\backend\dto\ProgramListDTO.class
com\ios\backend\resources\CalendarListResource.class
com\ios\backend\dto\TaskRecordDTO.class
com\ios\backend\entities\Role.class
com\ios\backend\entities\TaskRecord.class
com\ios\backend\message\response\JwtResponse.class
com\ios\backend\security\jwt\JwtProvider.class
com\ios\backend\controllers\TaskController.class
com\ios\backend\controllers\UserController.class
com\ios\backend\resources\TaskResource.class
com\ios\backend\security\WebSecurityConfig.class
com\ios\backend\controllers\AuthController.class
com\ios\backend\repositories\RoleRepository.class
com\ios\backend\entities\RoleName.class
com\ios\backend\entities\Invites.class
com\ios\backend\message\request\LoginForm.class
com\ios\backend\resources\TaskListResource.class
com\ios\backend\resources\ProgramResource.class
com\ios\backend\services\ProgramService.class
com\ios\backend\repositories\UserRepository.class
com\ios\backend\entities\Passcode.class
com\ios\backend\entities\Program.class
com\ios\backend\resources\TaskRecordResource.class
com\ios\backend\controllers\ProgramController.class
com\ios\backend\security\services\UserPrinciple.class
com\ios\backend\repositories\PasscodeRepository.class
com\ios\backend\repositories\ProgramRepository.class
com\ios\backend\security\services\UserDetailsServiceImpl.class
com\ios\backend\repositories\TaskRespository.class
com\ios\backend\resources\ProgramListResource.class
com\ios\backend\resources\UserListResource.class
com\ios\backend\dto\CodeDTO.class
com\ios\backend\dto\WorkDTO.class
com\ios\backend\BackendApplication.class
com\ios\backend\resources\TaskRecordListResource.class
com\ios\backend\resources\UserResource.class
com\ios\backend\repositories\TaskRecordRepository.class
com\ios\backend\services\UserService.class
com\ios\backend\entities\Task.class
com\ios\backend\repositories\InvitesRepository.class
com\ios\backend\utils\Client.class
com\ios\backend\dto\TaskDTO.class
com\ios\backend\message\response\ResponseMessage.class
com\ios\backend\dto\UserDTO.class
com\ios\backend\dto\ProgramDTO.class
com\ios\backend\utils\AuthUtils.class
com\ios\backend\dto\NewTaskDTO.class
com\ios\backend\security\jwt\JwtAuthTokenFilter.class
com\ios\backend\services\TaskService.class
