C:\Users\mayan\Desktop\TASK-Management-System-master\backend\src\main\java\com\ios\backend\controllers\TaskController.java
C:\Users\mayan\Desktop\TASK-Management-System-master\backend\src\main\java\com\ios\backend\security\jwt\JwtAuthTokenFilter.java
C:\Users\mayan\Desktop\TASK-Management-System-master\backend\src\main\java\com\ios\backend\entities\TaskRecord.java
C:\Users\mayan\Desktop\TASK-Management-System-master\backend\src\main\java\com\ios\backend\BackendApplication.java
C:\Users\mayan\Desktop\TASK-Management-System-master\backend\src\main\java\com\ios\backend\repositories\TaskRespository.java
C:\Users\mayan\Desktop\TASK-Management-System-master\backend\src\main\java\com\ios\backend\message\response\ResponseMessage.java
C:\Users\mayan\Desktop\TASK-Management-System-master\backend\src\main\java\com\ios\backend\entities\Program.java
C:\Users\mayan\Desktop\TASK-Management-System-master\backend\src\main\java\com\ios\backend\message\request\LoginForm.java
C:\Users\mayan\Desktop\TASK-Management-System-master\backend\src\main\java\com\ios\backend\resources\TaskListResource.java
C:\Users\mayan\Desktop\TASK-Management-System-master\backend\src\main\java\com\ios\backend\repositories\RoleRepository.java
C:\Users\mayan\Desktop\TASK-Management-System-master\backend\src\main\java\com\ios\backend\services\ProgramService.java
C:\Users\mayan\Desktop\TASK-Management-System-master\backend\src\main\java\com\ios\backend\services\UserService.java
C:\Users\mayan\Desktop\TASK-Management-System-master\backend\src\main\java\com\ios\backend\resources\CalendarListResource.java
C:\Users\mayan\Desktop\TASK-Management-System-master\backend\src\main\java\com\ios\backend\resources\TaskResource.java
C:\Users\mayan\Desktop\TASK-Management-System-master\backend\src\main\java\com\ios\backend\dto\CodeDTO.java
C:\Users\mayan\Desktop\TASK-Management-System-master\backend\src\main\java\com\ios\backend\security\services\UserPrinciple.java
C:\Users\mayan\Desktop\TASK-Management-System-master\backend\src\main\java\com\ios\backend\services\MailService.java
C:\Users\mayan\Desktop\TASK-Management-System-master\backend\src\main\java\com\ios\backend\entities\Invites.java
C:\Users\mayan\Desktop\TASK-Management-System-master\backend\src\main\java\com\ios\backend\resources\UserResource.java
C:\Users\mayan\Desktop\TASK-Management-System-master\backend\src\main\java\com\ios\backend\repositories\PasscodeRepository.java
C:\Users\mayan\Desktop\TASK-Management-System-master\backend\src\main\java\com\ios\backend\dto\TaskRecordDTO.java
C:\Users\mayan\Desktop\TASK-Management-System-master\backend\src\main\java\com\ios\backend\resources\CalendarResource.java
C:\Users\mayan\Desktop\TASK-Management-System-master\backend\src\main\java\com\ios\backend\dto\ProgramDTO.java
C:\Users\mayan\Desktop\TASK-Management-System-master\backend\src\main\java\com\ios\backend\utils\AuthUtils.java
C:\Users\mayan\Desktop\TASK-Management-System-master\backend\src\main\java\com\ios\backend\utils\Client.java
C:\Users\mayan\Desktop\TASK-Management-System-master\backend\src\main\java\com\ios\backend\security\jwt\JwtProvider.java
C:\Users\mayan\Desktop\TASK-Management-System-master\backend\src\main\java\com\ios\backend\dto\WorkDTO.java
C:\Users\mayan\Desktop\TASK-Management-System-master\backend\src\main\java\com\ios\backend\services\TaskService.java
C:\Users\mayan\Desktop\TASK-Management-System-master\backend\src\main\java\com\ios\backend\entities\RoleName.java
C:\Users\mayan\Desktop\TASK-Management-System-master\backend\src\main\java\com\ios\backend\controllers\AuthController.java
C:\Users\mayan\Desktop\TASK-Management-System-master\backend\src\main\java\com\ios\backend\message\response\JwtResponse.java
C:\Users\mayan\Desktop\TASK-Management-System-master\backend\src\main\java\com\ios\backend\controllers\UserController.java
C:\Users\mayan\Desktop\TASK-Management-System-master\backend\src\main\java\com\ios\backend\controllers\ProgramController.java
C:\Users\mayan\Desktop\TASK-Management-System-master\backend\src\main\java\com\ios\backend\repositories\InvitesRepository.java
C:\Users\mayan\Desktop\TASK-Management-System-master\backend\src\main\java\com\ios\backend\security\WebSecurityConfig.java
C:\Users\mayan\Desktop\TASK-Management-System-master\backend\src\main\java\com\ios\backend\resources\ProgramResource.java
C:\Users\mayan\Desktop\TASK-Management-System-master\backend\src\main\java\com\ios\backend\message\request\SignUpForm.java
C:\Users\mayan\Desktop\TASK-Management-System-master\backend\src\main\java\com\ios\backend\repositories\ProgramRepository.java
C:\Users\mayan\Desktop\TASK-Management-System-master\backend\src\main\java\com\ios\backend\dto\UserDTO.java
C:\Users\mayan\Desktop\TASK-Management-System-master\backend\src\main\java\com\ios\backend\repositories\TaskRecordRepository.java
C:\Users\mayan\Desktop\TASK-Management-System-master\backend\src\main\java\com\ios\backend\entities\Task.java
C:\Users\mayan\Desktop\TASK-Management-System-master\backend\src\main\java\com\ios\backend\dto\NewTaskDTO.java
C:\Users\mayan\Desktop\TASK-Management-System-master\backend\src\main\java\com\ios\backend\entities\User.java
C:\Users\mayan\Desktop\TASK-Management-System-master\backend\src\main\java\com\ios\backend\security\services\UserDetailsServiceImpl.java
C:\Users\mayan\Desktop\TASK-Management-System-master\backend\src\main\java\com\ios\backend\entities\Passcode.java
C:\Users\mayan\Desktop\TASK-Management-System-master\backend\src\main\java\com\ios\backend\security\jwt\JwtAuthEntryPoint.java
C:\Users\mayan\Desktop\TASK-Management-System-master\backend\src\main\java\com\ios\backend\resources\TaskRecordResource.java
C:\Users\mayan\Desktop\TASK-Management-System-master\backend\src\main\java\com\ios\backend\entities\Role.java
C:\Users\mayan\Desktop\TASK-Management-System-master\backend\src\main\java\com\ios\backend\resources\UserListResource.java
C:\Users\mayan\Desktop\TASK-Management-System-master\backend\src\main\java\com\ios\backend\resources\ProgramListResource.java
C:\Users\mayan\Desktop\TASK-Management-System-master\backend\src\main\java\com\ios\backend\dto\UserListDTO.java
C:\Users\mayan\Desktop\TASK-Management-System-master\backend\src\main\java\com\ios\backend\repositories\UserRepository.java
C:\Users\mayan\Desktop\TASK-Management-System-master\backend\src\main\java\com\ios\backend\dto\NewProgramDTO.java
C:\Users\mayan\Desktop\TASK-Management-System-master\backend\src\main\java\com\ios\backend\dto\ProgramListDTO.java
C:\Users\mayan\Desktop\TASK-Management-System-master\backend\src\main\java\com\ios\backend\resources\TaskRecordListResource.java
C:\Users\mayan\Desktop\TASK-Management-System-master\backend\src\main\java\com\ios\backend\dto\TaskDTO.java
